Flutter crash report.
Please report a bug at https://github.com/flutter/flutter/issues.

## command

flutter run -v

## exception

StateError: Bad state: No element

```
```

## flutter doctor

```
[32m[✓][39m Flutter (Channel stable, 3.32.0, on Microsoft Windows [Version 10.0.26100.4946], locale en-US) [629ms]
    [32m•[39m Flutter version 3.32.0 on channel stable at D:\nama_app\flutter
    [32m•[39m Upstream repository https://github.com/flutter/flutter.git
    [32m•[39m Framework revision be698c48a6 (5 months ago), 2025-05-19 12:59:14 -0700
    [32m•[39m Engine revision 1881800949
    [32m•[39m Dart version 3.8.0
    [32m•[39m DevTools version 2.45.1

[32m[✓][39m Windows Version (Windows 11 or higher, 24H2, 2009) [1,515ms]

[33m[!][39m Android toolchain - develop for Android devices (Android SDK version 36.0.0) [4.1s]
    [32m•[39m Android SDK at C:\Users\ASUS\AppData\Local\Android\sdk
    [32m•[39m Platform android-36, build-tools 36.0.0
    [32m•[39m Java binary at: C:\Program Files\Android\Android Studio\jbr\bin\java
      This is the JDK bundled with the latest Android Studio installation on this machine.
      To manually set the JDK path, use: `flutter config --jdk-dir="path/to/jdk"`.
    [32m•[39m Java version OpenJDK Runtime Environment (build 21.0.6+-13355223-b631.42)
    [33m![39m Some Android licenses not accepted. To resolve this, run: flutter doctor --android-licenses

[32m[✓][39m Chrome - develop for the web [304ms]
    [32m•[39m Chrome at C:\Program Files\Google\Chrome\Application\chrome.exe

[33m[!][39m Visual Studio - develop Windows apps (Visual Studio Community 2022 17.14.0 Preview 4.0) [303ms]
    [32m•[39m Visual Studio at C:\Program Files\Microsoft Visual Studio\2022\Preview
    [32m•[39m Visual Studio Community 2022 version 17.14.36017.23
    [32m•[39m The current Visual Studio installation is a pre-release version. It may not be supported by Flutter yet.
    [31m✗[39m Visual Studio is missing necessary components. Please re-run the Visual Studio installer for the "Desktop development
      with C++" workload, and include these components:
        MSVC v142 - VS 2019 C++ x64/x86 build tools
         - If there are multiple build tool versions available, install the latest
        C++ CMake tools for Windows
        Windows 10 SDK

[32m[✓][39m Android Studio (version 2024.3) [11ms]
    [32m•[39m Android Studio at C:\Program Files\Android\Android Studio
    [32m•[39m Flutter plugin can be installed from:
      🔨 https://plugins.jetbrains.com/plugin/9212-flutter
    [32m•[39m Dart plugin can be installed from:
      🔨 https://plugins.jetbrains.com/plugin/6351-dart
    [32m•[39m Java version OpenJDK Runtime Environment (build 21.0.6+-13355223-b631.42)

[32m[✓][39m VS Code (version 1.105.0) [9ms]
    [32m•[39m VS Code at C:\Users\ASUS\AppData\Local\Programs\Microsoft VS Code
    [32m•[39m Flutter extension version 3.120.0

[32m[✓][39m Connected device (3 available) [163ms]
    [32m•[39m Windows (desktop) • windows • windows-x64    • Microsoft Windows [Version 10.0.26100.4946]
    [32m•[39m Chrome (web)      • chrome  • web-javascript • Google Chrome 141.0.7390.66
    [32m•[39m Edge (web)        • edge    • web-javascript • Microsoft Edge 141.0.3537.71

[32m[✓][39m Network resources [474ms]
    [32m•[39m All expected network resources are available.

[33m![39m Doctor found issues in 2 categories.
```
